\BOOKMARK [0][-]{chapter.1}{\376\377\000I\000n\000t\000r\000o\000d\000u\000c\000t\000i\000o\000n}{}% 1
\BOOKMARK [1][-]{section.1.1}{\376\377\000M\000o\000t\000i\000v\000a\000t\000i\000o\000n\000\040\000a\000n\000d\000\040\000P\000r\000o\000b\000l\000e\000m\000\040\000S\000t\000a\000t\000e\000m\000e\000n\000t}{chapter.1}% 2
\BOOKMARK [1][-]{section.1.2}{\376\377\000A\000i\000m\000s\000\040\000a\000n\000d\000\040\000O\000b\000j\000e\000c\000t\000i\000v\000e\000s}{chapter.1}% 3
\BOOKMARK [1][-]{section.1.3}{\376\377\000P\000r\000o\000j\000e\000c\000t\000\040\000A\000p\000p\000r\000o\000a\000c\000h}{chapter.1}% 4
\BOOKMARK [1][-]{section.1.4}{\376\377\000R\000e\000p\000o\000r\000t\000\040\000S\000t\000r\000u\000c\000t\000u\000r\000e}{chapter.1}% 5
\BOOKMARK [0][-]{chapter.2}{\376\377\000B\000a\000c\000k\000g\000r\000o\000u\000n\000d\000\040\000a\000n\000d\000\040\000C\000o\000n\000t\000e\000x\000t}{}% 6
\BOOKMARK [1][-]{section.2.1}{\376\377\000W\000e\000b\000A\000s\000s\000e\000m\000b\000l\000y}{chapter.2}% 7
\BOOKMARK [2][-]{subsection.2.1.1}{\376\377\000O\000r\000i\000g\000i\000n\000s\000\040\000a\000n\000d\000\040\000D\000e\000s\000i\000g\000n\000\040\000G\000o\000a\000l\000s}{section.2.1}% 8
\BOOKMARK [2][-]{subsection.2.1.2}{\376\377\000W\000e\000b\000A\000s\000s\000e\000m\000b\000l\000y\000\040\000B\000e\000y\000o\000n\000d\000\040\000t\000h\000e\000\040\000B\000r\000o\000w\000s\000e\000r}{section.2.1}% 9
\BOOKMARK [2][-]{subsection.2.1.3}{\376\377\000W\000A\000S\000I\000\040\000a\000n\000d\000\040\000w\000a\000s\000i\000-\000s\000d\000k}{section.2.1}% 10
\BOOKMARK [2][-]{subsection.2.1.4}{\376\377\000W\000e\000b\000A\000s\000s\000e\000m\000b\000l\000y\000\040\000R\000u\000n\000t\000i\000m\000e\000s}{section.2.1}% 11
\BOOKMARK [1][-]{section.2.2}{\376\377\000W\000e\000b\000A\000s\000s\000e\000m\000b\000l\000y\000\040\000M\000i\000c\000r\000o\000\040\000R\000u\000n\000t\000i\000m\000e\000\040\000\050\000W\000A\000M\000R\000\051}{chapter.2}% 12
\BOOKMARK [2][-]{subsection.2.2.1}{\376\377\000P\000r\000o\000j\000e\000c\000t\000\040\000O\000v\000e\000r\000v\000i\000e\000w\000\040\000a\000n\000d\000\040\000A\000r\000c\000h\000i\000t\000e\000c\000t\000u\000r\000e}{section.2.2}% 13
\BOOKMARK [2][-]{subsection.2.2.2}{\376\377\000M\000e\000m\000o\000r\000y\000\040\000M\000o\000d\000e\000l}{section.2.2}% 14
\BOOKMARK [2][-]{subsection.2.2.3}{\376\377\000N\000a\000t\000i\000v\000e\000\040\000F\000u\000n\000c\000t\000i\000o\000n\000\040\000I\000n\000t\000e\000r\000f\000a\000c\000e}{section.2.2}% 15
\BOOKMARK [2][-]{subsection.2.2.4}{\376\377\000W\000A\000M\000R\000\040\000S\000t\000a\000c\000k\000\040\000M\000o\000d\000e\000l}{section.2.2}% 16
\BOOKMARK [2][-]{subsection.2.2.5}{\376\377\000E\000x\000e\000c\000u\000t\000i\000o\000n\000\040\000M\000o\000d\000e\000s}{section.2.2}% 17
\BOOKMARK [1][-]{section.2.3}{\376\377\000E\000S\000P\0003\0002\000\040\000H\000a\000r\000d\000w\000a\000r\000e\000\040\000P\000l\000a\000t\000f\000o\000r\000m}{chapter.2}% 18
\BOOKMARK [2][-]{subsection.2.3.1}{\376\377\000X\000t\000e\000n\000s\000a\000\040\000L\000X\0006\000\040\000D\000u\000a\000l\000-\000C\000o\000r\000e\000\040\000A\000r\000c\000h\000i\000t\000e\000c\000t\000u\000r\000e}{section.2.3}% 19
\BOOKMARK [2][-]{subsection.2.3.2}{\376\377\000F\000l\000a\000s\000h\000\040\000a\000n\000d\000\040\000E\000x\000e\000c\000u\000t\000e\000-\000i\000n\000-\000P\000l\000a\000c\000e\000\040\000\050\000X\000I\000P\000\051}{section.2.3}% 20
\BOOKMARK [2][-]{subsection.2.3.3}{\376\377\000G\000P\000I\000O\000\040\000a\000n\000d\000\040\000A\000n\000a\000l\000o\000g\000u\000e\000\040\000I\000/\000O}{section.2.3}% 21
\BOOKMARK [2][-]{subsection.2.3.4}{\376\377\000S\000P\000I\000\040\000F\000l\000a\000s\000h\000\040\000F\000i\000l\000e\000\040\000S\000y\000s\000t\000e\000m\000\040\000\050\000S\000P\000I\000F\000F\000S\000\051}{section.2.3}% 22
\BOOKMARK [1][-]{section.2.4}{\376\377\000F\000r\000e\000e\000R\000T\000O\000S}{chapter.2}% 23
\BOOKMARK [1][-]{section.2.5}{\376\377\000E\000S\000P\000-\000I\000D\000F\000\040\000D\000e\000v\000e\000l\000o\000p\000m\000e\000n\000t\000\040\000F\000r\000a\000m\000e\000w\000o\000r\000k}{chapter.2}% 24
\BOOKMARK [1][-]{section.2.6}{\376\377\000R\000e\000a\000l\000-\000T\000i\000m\000e\000\040\000C\000o\000n\000t\000r\000o\000l\000\040\000F\000u\000n\000d\000a\000m\000e\000n\000t\000a\000l\000s}{chapter.2}% 25
\BOOKMARK [2][-]{subsection.2.6.1}{\376\377\000C\000l\000o\000s\000e\000d\000-\000L\000o\000o\000p\000\040\000C\000o\000n\000t\000r\000o\000l\000\040\000a\000n\000d\000\040\000T\000i\000m\000i\000n\000g\000\040\000R\000e\000q\000u\000i\000r\000e\000m\000e\000n\000t\000s}{section.2.6}% 26
\BOOKMARK [2][-]{subsection.2.6.2}{\376\377\000B\000a\000n\000g\000-\000B\000a\000n\000g\000\040\000a\000n\000d\000\040\000P\000I\000D\000\040\000C\000o\000n\000t\000r\000o\000l\000l\000e\000r\000s}{section.2.6}% 27
\BOOKMARK [1][-]{section.2.7}{\376\377\000R\000e\000l\000a\000t\000e\000d\000\040\000W\000o\000r\000k\000s}{chapter.2}% 28
\BOOKMARK [0][-]{chapter.3}{\376\377\000D\000e\000s\000i\000g\000n\000\040\000a\000n\000d\000\040\000I\000m\000p\000l\000e\000m\000e\000n\000t\000a\000t\000i\000o\000n}{}% 29
\BOOKMARK [1][-]{section.3.1}{\376\377\000E\000x\000e\000c\000u\000t\000i\000o\000n\000\040\000V\000a\000r\000i\000a\000n\000t\000s\000:\000\040\000N\000a\000t\000i\000v\000e\000\040\000v\000s\000\040\000W\000A\000M\000R}{chapter.3}% 30
\BOOKMARK [1][-]{section.3.2}{\376\377\000T\000h\000e\000\040\000T\000e\000s\000t\000b\000e\000d}{chapter.3}% 31
\BOOKMARK [1][-]{section.3.3}{\376\377\000T\000h\000e\000r\000m\000a\000l\000\040\000S\000i\000m\000u\000l\000a\000t\000o\000r}{chapter.3}% 32
\BOOKMARK [2][-]{subsection.3.3.1}{\376\377\000P\000h\000y\000s\000i\000c\000s\000\040\000M\000o\000d\000e\000l}{section.3.3}% 33
\BOOKMARK [2][-]{subsection.3.3.2}{\376\377\000S\000i\000m\000u\000l\000a\000t\000i\000o\000n\000\040\000L\000o\000o\000p}{section.3.3}% 34
\BOOKMARK [2][-]{subsection.3.3.3}{\376\377\000S\000i\000m\000u\000l\000a\000t\000o\000r\000\040\000R\000e\000s\000e\000t\000\040\000M\000e\000c\000h\000a\000n\000i\000s\000m}{section.3.3}% 35
\BOOKMARK [1][-]{section.3.4}{\376\377\000S\000y\000s\000t\000e\000m\000\040\000T\000a\000s\000k\000s}{chapter.3}% 36
\BOOKMARK [2][-]{subsection.3.4.1}{\376\377\000A\000D\000C\000\040\000R\000e\000a\000d\000e\000r\000\040\000T\000a\000s\000k}{section.3.4}% 37
\BOOKMARK [2][-]{subsection.3.4.2}{\376\377\000C\000P\000U\000\040\000U\000s\000a\000g\000e\000\040\000T\000a\000s\000k}{section.3.4}% 38
\BOOKMARK [2][-]{subsection.3.4.3}{\376\377\000M\000e\000t\000r\000i\000c\000s\000\040\000T\000a\000s\000k}{section.3.4}% 39
\BOOKMARK [1][-]{section.3.5}{\376\377\000W\000e\000b\000A\000s\000s\000e\000m\000b\000l\000y\000\040\000C\000o\000n\000t\000r\000o\000l\000l\000e\000r}{chapter.3}% 40
\BOOKMARK [2][-]{subsection.3.5.1}{\376\377\000W\000A\000S\000I\000-\000S\000D\000K\000\040\000C\000o\000m\000p\000i\000l\000a\000t\000i\000o\000n\000\040\000I\000n\000s\000t\000r\000u\000c\000t\000i\000o\000n\000s}{section.3.5}% 41
\BOOKMARK [2][-]{subsection.3.5.2}{\376\377\000W\000A\000M\000R\000\040\000I\000n\000i\000t\000i\000a\000l\000i\000s\000a\000t\000i\000o\000n\000\040\000a\000n\000d\000\040\000M\000o\000d\000u\000l\000e\000\040\000L\000o\000a\000d\000i\000n\000g}{section.3.5}% 42
\BOOKMARK [2][-]{subsection.3.5.3}{\376\377\000A\000O\000T\000\040\000C\000o\000m\000p\000i\000l\000a\000t\000i\000o\000n\000\040\000W\000o\000r\000k\000f\000l\000o\000w}{section.3.5}% 43
\BOOKMARK [2][-]{subsection.3.5.4}{\376\377\000F\000l\000a\000s\000h\000\040\000P\000a\000r\000t\000i\000t\000i\000o\000n\000\040\000L\000a\000y\000o\000u\000t}{section.3.5}% 44
\BOOKMARK [2][-]{subsection.3.5.5}{\376\377\000W\000A\000M\000R\000\040\000H\000o\000s\000t\000\040\000F\000u\000n\000c\000t\000i\000o\000n\000\040\000I\000n\000t\000e\000r\000f\000a\000c\000e}{section.3.5}% 45
\BOOKMARK [2][-]{subsection.3.5.6}{\376\377\000N\000a\000t\000i\000v\000e\000\040\000H\000o\000s\000t\000\040\000F\000u\000n\000c\000t\000i\000o\000n\000\040\000E\000q\000u\000i\000v\000a\000l\000e\000n\000t\000s}{section.3.5}% 46
\BOOKMARK [2][-]{subsection.3.5.7}{\376\377\000C\000o\000n\000t\000a\000i\000n\000e\000r\000\040\000C\000o\000n\000f\000i\000g\000u\000r\000a\000t\000i\000o\000n}{section.3.5}% 47
\BOOKMARK [1][-]{section.3.6}{\376\377\000K\000e\000y\000\040\000D\000e\000s\000i\000g\000n\000\040\000D\000e\000c\000i\000s\000i\000o\000n\000s}{chapter.3}% 48
\BOOKMARK [0][-]{chapter.4}{\376\377\000P\000e\000r\000f\000o\000r\000m\000a\000n\000c\000e\000\040\000P\000r\000o\000f\000i\000l\000i\000n\000g}{}% 49
\BOOKMARK [1][-]{section.4.1}{\376\377\000M\000e\000t\000h\000o\000d\000o\000l\000o\000g\000y}{chapter.4}% 50
\BOOKMARK [2][-]{subsection.4.1.1}{\376\377\000E\000x\000e\000c\000u\000t\000i\000o\000n\000\040\000v\000a\000r\000i\000a\000n\000t\000s}{section.4.1}% 51
\BOOKMARK [2][-]{subsection.4.1.2}{\376\377\000B\000e\000n\000c\000h\000m\000a\000r\000k\000\040\000w\000o\000r\000k\000l\000o\000a\000d\000s}{section.4.1}% 52
\BOOKMARK [2][-]{subsection.4.1.3}{\376\377\000E\000x\000p\000e\000r\000i\000m\000e\000n\000t\000a\000l\000\040\000s\000e\000t\000u\000p}{section.4.1}% 53
\BOOKMARK [2][-]{subsection.4.1.4}{\376\377\000D\000a\000t\000a\000\040\000c\000a\000p\000t\000u\000r\000e\000\040\000p\000i\000p\000e\000l\000i\000n\000e}{section.4.1}% 54
\BOOKMARK [1][-]{section.4.2}{\376\377\000M\000e\000t\000r\000i\000c\000s}{chapter.4}% 55
\BOOKMARK [2][-]{subsection.4.2.1}{\376\377\000T\000i\000m\000i\000n\000g\000\040\000a\000n\000d\000\040\000r\000e\000s\000o\000u\000r\000c\000e\000\040\000m\000e\000t\000r\000i\000c\000s}{section.4.2}% 56
\BOOKMARK [2][-]{subsection.4.2.2}{\376\377\000H\000o\000s\000t\000-\000f\000u\000n\000c\000t\000i\000o\000n\000\040\000m\000e\000t\000r\000i\000c\000s}{section.4.2}% 57
\BOOKMARK [1][-]{section.4.3}{\376\377\000R\000e\000s\000u\000l\000t\000s}{chapter.4}% 58
\BOOKMARK [2][-]{subsection.4.3.1}{\376\377\000C\000o\000n\000t\000r\000o\000l\000\040\000b\000e\000h\000a\000v\000i\000o\000u\000r}{section.4.3}% 59
\BOOKMARK [2][-]{subsection.4.3.2}{\376\377\000E\000x\000e\000c\000u\000t\000i\000o\000n\000\040\000t\000i\000m\000e\000\040\000o\000v\000e\000r\000h\000e\000a\000d}{section.4.3}% 60
\BOOKMARK [2][-]{subsection.4.3.3}{\376\377\000L\000o\000o\000p\000\040\000t\000i\000m\000i\000n\000g\000\040\000a\000n\000d\000\040\000j\000i\000t\000t\000e\000r}{section.4.3}% 61
\BOOKMARK [2][-]{subsection.4.3.4}{\376\377\000H\000o\000s\000t\000-\000f\000u\000n\000c\000t\000i\000o\000n\000\040\000c\000a\000l\000l\000\040\000o\000v\000e\000r\000h\000e\000a\000d}{section.4.3}% 62
\BOOKMARK [2][-]{subsection.4.3.5}{\376\377\000M\000e\000m\000o\000r\000y\000\040\000f\000o\000o\000t\000p\000r\000i\000n\000t}{section.4.3}% 63
\BOOKMARK [2][-]{subsection.4.3.6}{\376\377\000C\000P\000U\000\040\000u\000t\000i\000l\000i\000s\000a\000t\000i\000o\000n}{section.4.3}% 64
\BOOKMARK [2][-]{subsection.4.3.7}{\376\377\000E\000n\000d\000-\000t\000o\000-\000e\000n\000d\000\040\000s\000i\000g\000n\000a\000l\000\040\000p\000r\000o\000p\000a\000g\000a\000t\000i\000o\000n\000\040\000l\000a\000t\000e\000n\000c\000y}{section.4.3}% 65
\BOOKMARK [1][-]{section.4.4}{\376\377\000D\000i\000s\000c\000u\000s\000s\000i\000o\000n}{chapter.4}% 66
\BOOKMARK [0][-]{chapter.5}{\376\377\000F\000a\000u\000l\000t\000\040\000t\000o\000l\000e\000r\000a\000n\000c\000e\000\040\000t\000e\000s\000t\000s}{}% 67
\BOOKMARK [1][-]{section.5.1}{\376\377\000F\000a\000u\000l\000t\000\040\000i\000n\000j\000e\000c\000t\000i\000o\000n}{chapter.5}% 68
\BOOKMARK [1][-]{section.5.2}{\376\377\000M\000e\000t\000r\000i\000c\000s}{chapter.5}% 69
\BOOKMARK [1][-]{section.5.3}{\376\377\000R\000e\000s\000u\000l\000t\000s}{chapter.5}% 70
\BOOKMARK [2][-]{subsection.5.3.1}{\376\377\000N\000u\000l\000l\000\040\000p\000o\000i\000n\000t\000e\000r}{section.5.3}% 71
\BOOKMARK [2][-]{subsection.5.3.2}{\376\377\000S\000t\000a\000c\000k\000\040\000o\000v\000e\000r\000f\000l\000o\000w}{section.5.3}% 72
\BOOKMARK [2][-]{subsection.5.3.3}{\376\377\000I\000n\000f\000i\000n\000i\000t\000e\000\040\000l\000o\000o\000p}{section.5.3}% 73
\BOOKMARK [1][-]{section.5.4}{\376\377\000D\000i\000s\000c\000u\000s\000s\000i\000o\000n}{chapter.5}% 74
\BOOKMARK [0][-]{chapter.6}{\376\377\000C\000o\000n\000t\000a\000i\000n\000e\000r\000i\000z\000a\000t\000i\000o\000n\000\040\000s\000t\000r\000a\000t\000e\000g\000i\000e\000s}{}% 75
\BOOKMARK [1][-]{section.6.1}{\376\377\000O\000v\000e\000r\000-\000t\000h\000e\000-\000a\000i\000r\000\040\000u\000p\000d\000a\000t\000e\000s}{chapter.6}% 76
\BOOKMARK [2][-]{subsection.6.1.1}{\376\377\000U\000p\000d\000a\000t\000e\000\040\000m\000e\000t\000h\000o\000d\000o\000l\000o\000g\000i\000e\000s}{section.6.1}% 77
\BOOKMARK [2][-]{subsection.6.1.2}{\376\377\000M\000e\000t\000r\000i\000c\000s}{section.6.1}% 78
\BOOKMARK [2][-]{subsection.6.1.3}{\376\377\000R\000e\000s\000u\000l\000t\000s}{section.6.1}% 79
\BOOKMARK [1][-]{section.6.2}{\376\377\000I\000n\000t\000e\000r\000-\000c\000o\000n\000t\000a\000i\000n\000e\000r\000\040\000c\000o\000m\000m\000u\000n\000i\000c\000a\000t\000i\000o\000n}{chapter.6}% 80
\BOOKMARK [2][-]{subsection.6.2.1}{\376\377\000M\000e\000t\000r\000i\000c\000s}{section.6.2}% 81
\BOOKMARK [2][-]{subsection.6.2.2}{\376\377\000R\000e\000s\000u\000l\000t}{section.6.2}% 82
\BOOKMARK [2][-]{subsection.6.2.3}{\376\377\000P\000a\000y\000l\000o\000a\000d\000\040\000s\000e\000n\000s\000i\000t\000i\000v\000i\000t\000y}{section.6.2}% 83
\BOOKMARK [1][-]{section.6.3}{\376\377\000C\000o\000n\000t\000a\000i\000n\000e\000r\000-\000c\000o\000u\000n\000t\000\040\000s\000c\000a\000l\000i\000n\000g}{chapter.6}% 84
\BOOKMARK [2][-]{subsection.6.3.1}{\376\377\000M\000e\000t\000h\000o\000d\000o\000l\000o\000g\000y}{section.6.3}% 85
\BOOKMARK [2][-]{subsection.6.3.2}{\376\377\000R\000e\000s\000u\000l\000t\000s}{section.6.3}% 86
\BOOKMARK [1][-]{section.6.4}{\376\377\000D\000i\000s\000c\000u\000s\000s\000i\000o\000n}{chapter.6}% 87
\BOOKMARK [0][-]{chapter.7}{\376\377\000C\000o\000n\000c\000l\000u\000s\000i\000o\000n\000s}{}% 88
\BOOKMARK [1][-]{section.7.1}{\376\377\000S\000u\000m\000m\000a\000r\000y\000\040\000o\000f\000\040\000f\000i\000n\000d\000i\000n\000g\000s}{chapter.7}% 89
\BOOKMARK [1][-]{section.7.2}{\376\377\000L\000i\000m\000i\000t\000a\000t\000i\000o\000n\000s}{chapter.7}% 90
\BOOKMARK [1][-]{section.7.3}{\376\377\000F\000u\000t\000u\000r\000e\000\040\000w\000o\000r\000k}{chapter.7}% 91
\BOOKMARK [1][-]{section.7.4}{\376\377\000F\000i\000n\000a\000l\000\040\000r\000e\000m\000a\000r\000k\000s}{chapter.7}% 92
\BOOKMARK [0][-]{appendix.A}{\376\377\000S\000u\000p\000p\000o\000r\000t\000i\000n\000g\000\040\000M\000e\000a\000s\000u\000r\000e\000m\000e\000n\000t\000s}{}% 93
\BOOKMARK [1][-]{section.A.1}{\376\377\000P\000e\000r\000f\000o\000r\000m\000a\000n\000c\000e\000\040\000p\000r\000o\000f\000i\000l\000i\000n\000g\000\040\000s\000u\000p\000p\000o\000r\000t\000i\000n\000g\000\040\000m\000e\000a\000s\000u\000r\000e\000m\000e\000n\000t\000s}{appendix.A}% 94
\BOOKMARK [1][-]{section.A.2}{\376\377\000C\000o\000n\000t\000a\000i\000n\000e\000r\000\040\000s\000c\000a\000l\000i\000n\000g\000\040\000m\000e\000a\000s\000u\000r\000e\000m\000e\000n\000t\000s}{appendix.A}% 95
\BOOKMARK [0][-]{appendix.B}{\376\377\000C\000o\000d\000e\000\040\000R\000e\000p\000o\000s\000i\000t\000o\000r\000y}{}% 96
\BOOKMARK [0][-]{appendix.C}{\376\377\000P\000r\000o\000j\000e\000c\000t\000\040\000P\000l\000a\000n}{}% 97
\BOOKMARK [0][-]{appendix.D}{\376\377\000I\000n\000t\000e\000r\000i\000m\000\040\000R\000e\000p\000o\000r\000t}{}% 98
